// Jest Snapshot v1, https://goo.gl/fbAQLP

exports[`DemoForm Renders correct snapshot 1`] = `
<div>
  <form
    action="#"
  >
    <div
      class="MuiBox-root MuiBox-root-18 Styled(MuiBox)-root-17"
      classes="[object Object]"
    >
      <div
        class="MuiFormControl-root MuiTextField-root MuiFormControl-fullWidth"
      >
        <label
          class="MuiFormLabel-root MuiInputLabel-root MuiInputLabel-formControl MuiInputLabel-animated MuiInputLabel-shrink MuiInputLabel-outlined MuiFormLabel-filled"
          data-shrink="true"
        >
          Type a value
        </label>
        <div
          class="MuiInputBase-root MuiOutlinedInput-root MuiInputBase-fullWidth MuiInputBase-formControl"
        >
          <input
            aria-invalid="false"
            class="MuiInputBase-input MuiOutlinedInput-input"
            data-testid="input"
            name="value"
            type="text"
            value="test"
          />
          <fieldset
            aria-hidden="true"
            class="PrivateNotchedOutline-root-19 MuiOutlinedInput-notchedOutline"
          >
            <legend
              class="PrivateNotchedOutline-legendLabelled-21 PrivateNotchedOutline-legendNotched-22"
            >
              <span>
                Type a value
              </span>
            </legend>
          </fieldset>
        </div>
      </div>
    </div>
    <div
      class="MuiBox-root MuiBox-root-23 Styled(MuiBox)-root-17"
      classes="[object Object]"
    >
      <div>
        The value is: test
      </div>
    </div>
    <hr
      class="MuiDivider-root"
    />
    <div
      class="MuiBox-root MuiBox-root-24"
    >
      <button
        class="MuiButtonBase-root MuiButton-root MuiButton-contained MuiButton-containedPrimary MuiButton-containedSizeLarge MuiButton-sizeLarge"
        data-testid="button"
        tabindex="0"
        type="button"
      >
        <span
          class="MuiButton-label"
        >
          Submit
        </span>
        <span
          class="MuiTouchRipple-root"
        />
      </button>
    </div>
  </form>
</div>
`;
